
added 76 packages in 1s
build.ts(125,15): error TS7006: Parameter 'to_format' implicitly has an 'any' type.
[
	{
		"title": "Qwerty",
		"layout": [
			[
				[
					5,
					null
				],
				[
					5,
					null
				]
			],
			[
				[
					1,
					null
				],
				[
					1,
					null
				],
				[
					1,
					null
				],
				[
					1,
					null
				],
				[
					1,
					null
				],
				[
					1,
					null
				],
				[
					1,
					null
				],
				[
					1,
					null
				],
				[
					1,
					null
				],
				[
					1,
					null
				]
			],
			[
				[
					1,
					{}
				],
				[
					1,
					{}
				],
				[
					1,
					{}
				],
				[
					1,
					{}
				],
				[
					1,
					{}
				],
				[
					1,
					{}
				],
				[
					1,
					[
						null,
						null,
						null,
						null,
						null,
						null,
						null
					]
				],
				[
					1,
					{}
				],
				[
					1,
					{}
				],
				[
					1,
					{}
				]
			],
			[
				[
					1,
					{}
				],
				[
					1,
					{}
				],
				[
					1,
					{}
				],
				[
					1,
					{}
				],
				[
					2,
					{}
				],
				[
					1,
					{}
				],
				[
					1,
					{}
				],
				[
					1,
					{}
				],
				[
					1,
					{}
				]
			],
			[
				[
					1,
					null
				],
				[
					1,
					{}
				],
				[
					1,
					{}
				],
				[
					1,
					{}
				],
				[
					1,
					{}
				],
				[
					1,
					{}
				],
				[
					1,
					{}
				],
				[
					1,
					{}
				],
				[
					2,
					null
				]
			],
			[
				[
					2,
					null
				],
				[
					6,
					null
				],
				[
					2,
					null
				]
			]
		]
	}
]
[
	{
		"title": "Qwerty",
		"layout": [
			[
				[
					5,
					null
				],
				[
					5,
					null
				]
			],
			[
				[
					1,
					null
				],
				[
					1,
					null
				],
				[
					1,
					null
				],
				[
					1,
					null
				],
				[
					1,
					null
				],
				[
					1,
					null
				],
				[
					1,
					null
				],
				[
					1,
					null
				],
				[
					1,
					null
				],
				[
					1,
					null
				]
			],
			[
				[
					1,
					{}
				],
				[
					1,
					{}
				],
				[
					1,
					{}
				],
				[
					1,
					{}
				],
				[
					1,
					{}
				],
				[
					1,
					{}
				],
				[
					1,
					[
						null,
						null,
						null,
						null,
						null,
						null,
						null
					]
				],
				[
					1,
					{}
				],
				[
					1,
					{}
				],
				[
					1,
					{}
				]
			],
			[
				[
					1,
					{}
				],
				[
					1,
					{}
				],
				[
					1,
					{}
				],
				[
					1,
					{}
				],
				[
					2,
					{}
				],
				[
					1,
					{}
				],
				[
					1,
					{}
				],
				[
					1,
					{}
				],
				[
					1,
					{}
				]
			],
			[
				[
					1,
					null
				],
				[
					1,
					{}
				],
				[
					1,
					{}
				],
				[
					1,
					{}
				],
				[
					1,
					{}
				],
				[
					1,
					{}
				],
				[
					1,
					{}
				],
				[
					1,
					{}
				],
				[
					2,
					null
				]
			],
			[
				[
					2,
					null
				],
				[
					6,
					null
				],
				[
					2,
					null
				]
			]
		]
	},
	{
		"title": "Ʃrátik",
		"layout": [
			[
				[
					1,
					{}
				],
				[
					1,
					null
				],
				[
					1,
					{}
				],
				[
					1,
					null
				],
				[
					1,
					{}
				],
				[
					1,
					null
				],
				[
					1,
					null
				]
			],
			[
				[
					1,
					{}
				],
				[
					1,
					{}
				],
				[
					1,
					null
				],
				[
					1,
					{}
				],
				[
					1,
					null
				],
				[
					1,
					null
				],
				[
					1,
					null
				]
			],
			[
				[
					1,
					null
				],
				[
					1,
					{}
				],
				[
					1,
					null
				],
				[
					1,
					{}
				],
				[
					1,
					{}
				],
				[
					1,
					{}
				],
				[
					1,
					{}
				]
			],
			[
				[
					2,
					{}
				],
				[
					1,
					null
				],
				[
					1,
					null
				],
				[
					1,
					{}
				],
				[
					2,
					null
				]
			],
			[
				[
					2,
					null
				],
				[
					1,
					null
				],
				[
					1,
					null
				],
				[
					1,
					null
				],
				[
					2,
					null
				]
			],
			[
				[
					2,
					{}
				],
				[
					5,
					null
				]
			]
		]
	}
]
[
	{
		"title": "Qwerty",
		"layout": [
			[
				[
					5,
					null
				],
				[
					5,
					null
				]
			],
			[
				[
					1,
					null
				],
				[
					1,
					null
				],
				[
					1,
					null
				],
				[
					1,
					null
				],
				[
					1,
					null
				],
				[
					1,
					null
				],
				[
					1,
					null
				],
				[
					1,
					null
				],
				[
					1,
					null
				],
				[
					1,
					null
				]
			],
			[
				[
					1,
					{}
				],
				[
					1,
					{}
				],
				[
					1,
					{}
				],
				[
					1,
					{}
				],
				[
					1,
					{}
				],
				[
					1,
					{}
				],
				[
					1,
					[
						null,
						null,
						null,
						null,
						null,
						null,
						null
					]
				],
				[
					1,
					{}
				],
				[
					1,
					{}
				],
				[
					1,
					{}
				]
			],
			[
				[
					1,
					{}
				],
				[
					1,
					{}
				],
				[
					1,
					{}
				],
				[
					1,
					{}
				],
				[
					2,
					{}
				],
				[
					1,
					{}
				],
				[
					1,
					{}
				],
				[
					1,
					{}
				],
				[
					1,
					{}
				]
			],
			[
				[
					1,
					null
				],
				[
					1,
					{}
				],
				[
					1,
					{}
				],
				[
					1,
					{}
				],
				[
					1,
					{}
				],
				[
					1,
					{}
				],
				[
					1,
					{}
				],
				[
					1,
					{}
				],
				[
					2,
					null
				]
			],
			[
				[
					2,
					null
				],
				[
					6,
					null
				],
				[
					2,
					null
				]
			]
		]
	},
	{
		"title": "Ʃrátik",
		"layout": [
			[
				[
					1,
					{}
				],
				[
					1,
					null
				],
				[
					1,
					{}
				],
				[
					1,
					null
				],
				[
					1,
					{}
				],
				[
					1,
					null
				],
				[
					1,
					null
				]
			],
			[
				[
					1,
					{}
				],
				[
					1,
					{}
				],
				[
					1,
					null
				],
				[
					1,
					{}
				],
				[
					1,
					null
				],
				[
					1,
					null
				],
				[
					1,
					null
				]
			],
			[
				[
					1,
					null
				],
				[
					1,
					{}
				],
				[
					1,
					null
				],
				[
					1,
					{}
				],
				[
					1,
					{}
				],
				[
					1,
					{}
				],
				[
					1,
					{}
				]
			],
			[
				[
					2,
					{}
				],
				[
					1,
					null
				],
				[
					1,
					null
				],
				[
					1,
					{}
				],
				[
					2,
					null
				]
			],
			[
				[
					2,
					null
				],
				[
					1,
					null
				],
				[
					1,
					null
				],
				[
					1,
					null
				],
				[
					2,
					null
				]
			],
			[
				[
					2,
					{}
				],
				[
					5,
					null
				]
			]
		]
	},
	{
		"title": "Kæskadik",
		"layout": [
			[
				[
					1,
					{}
				],
				[
					1,
					{}
				],
				[
					1,
					{}
				],
				[
					1,
					{}
				],
				[
					1,
					{}
				]
			],
			[
				[
					1,
					{}
				],
				[
					1,
					{}
				],
				[
					1,
					null
				],
				[
					1,
					{}
				],
				[
					1,
					null
				]
			],
			[
				[
					1,
					null
				],
				[
					1,
					null
				],
				[
					1,
					null
				],
				[
					1,
					{}
				],
				[
					1,
					null
				]
			],
			[
				[
					1,
					{}
				],
				[
					1,
					{}
				],
				[
					1,
					{}
				],
				[
					1,
					{}
				],
				[
					1,
					null
				]
			],
			[
				[
					2,
					{}
				],
				[
					1,
					null
				],
				[
					1,
					null
				],
				[
					1,
					{}
				]
			],
			[
				[
					2,
					null
				],
				[
					1,
					null
				],
				[
					1,
					null
				],
				[
					1,
					null
				]
			],
			[
				[
					1,
					{}
				],
				[
					3,
					null
				],
				[
					1,
					null
				]
			]
		]
	}
]
